capturedAt=2026-07-27T20:28:55.731Z
endpoint=ws://127.0.0.1:55710
solo=true
topdown:walk-stop applications=0 b42=0 requests=0 sumPx=0.000 maxPx=0.000 motionMs=0
topdown:rapid-flip-attack applications=0 b42=5 requests=0 sumPx=0.000 maxPx=0.000 motionMs=3250
topdown:faster-than-tick-input-alias applications=0 b42=0 requests=0 sumPx=0.000 maxPx=0.000 motionMs=0
topdown:walk-smoothness applications=0 b42=0 requests=0 sumPx=0.000 maxPx=0.000 motionMs=0
topdown:melee-attack-move-stop applications=0 b42=0 requests=0 sumPx=0.000 maxPx=0.000 motionMs=0
topdown:gun-anti-materiel-rifle applications=0 b42=1 requests=0 sumPx=0.000 maxPx=0.000 motionMs=650
topdown:gun-arc-pistol applications=0 b42=1 requests=0 sumPx=0.000 maxPx=0.000 motionMs=650
topdown:gun-auto-rifle applications=0 b42=1 requests=0 sumPx=0.000 maxPx=0.000 motionMs=650
topdown:gun-automatic-shotgun applications=0 b42=1 requests=0 sumPx=0.000 maxPx=0.000 motionMs=650
topdown:gun-battle-rifle applications=0 b42=1 requests=0 sumPx=0.000 maxPx=0.000 motionMs=650
topdown:gun-blunderbuss applications=0 b42=1 requests=0 sumPx=0.000 maxPx=0.000 motionMs=650
topdown:gun-bullpup-rifle applications=0 b42=1 requests=0 sumPx=0.000 maxPx=0.000 motionMs=650
topdown:gun-caseless-carbine applications=0 b42=1 requests=0 sumPx=0.000 maxPx=0.000 motionMs=650
topdown:gun-coil-accelerator applications=0 b42=1 requests=0 sumPx=0.000 maxPx=0.000 motionMs=650
topdown:gun-concussion-cannon applications=0 b42=1 requests=0 sumPx=0.000 maxPx=0.000 motionMs=650
topdown:gun-energy-shotgun applications=0 b42=1 requests=0 sumPx=0.000 maxPx=0.000 motionMs=650
topdown:gun-exotic-ranged applications=0 b42=1 requests=0 sumPx=0.000 maxPx=0.000 motionMs=650
topdown:gun-gauntlet applications=0 b42=1 requests=0 sumPx=0.000 maxPx=0.000 motionMs=650
topdown:gun-grenade-launcher applications=0 b42=1 requests=0 sumPx=0.000 maxPx=0.000 motionMs=650
topdown:gun-gun applications=0 b42=1 requests=0 sumPx=0.000 maxPx=0.000 motionMs=650
topdown:gun-hand-cannon applications=0 b42=1 requests=0 sumPx=0.000 maxPx=0.000 motionMs=650
topdown:gun-heavy-ion-cannon applications=0 b42=1 requests=0 sumPx=0.000 maxPx=0.000 motionMs=650
topdown:gun-heavy-ordnance applications=0 b42=1 requests=0 sumPx=0.000 maxPx=0.000 motionMs=650
topdown:gun-integrally-suppressed-rifle applications=0 b42=1 requests=0 sumPx=0.000 maxPx=0.000 motionMs=650
topdown:gun-lever-rifle applications=0 b42=1 requests=0 sumPx=0.000 maxPx=0.000 motionMs=650
topdown:gun-light machine gun applications=0 b42=1 requests=0 sumPx=0.000 maxPx=0.000 motionMs=650
topdown:gun-machine-pistol applications=0 b42=1 requests=0 sumPx=0.000 maxPx=0.000 motionMs=800
topdown:gun-marksman-rifle applications=0 b42=1 requests=0 sumPx=0.000 maxPx=0.000 motionMs=650
topdown:gun-nailgun applications=0 b42=1 requests=0 sumPx=0.000 maxPx=0.000 motionMs=650
topdown:gun-photon-marksman-rifle applications=0 b42=1 requests=0 sumPx=0.000 maxPx=0.000 motionMs=650
topdown:gun-pistol applications=0 b42=1 requests=0 sumPx=0.000 maxPx=0.000 motionMs=650
topdown:gun-pistol-calibre-carbine applications=0 b42=1 requests=0 sumPx=0.000 maxPx=0.000 motionMs=650
topdown:gun-plasma-carbine applications=0 b42=1 requests=0 sumPx=0.000 maxPx=0.000 motionMs=650
topdown:gun-puck-launcher applications=0 b42=1 requests=0 sumPx=0.000 maxPx=0.000 motionMs=650
topdown:gun-pulse-rifle applications=0 b42=1 requests=0 sumPx=0.000 maxPx=0.000 motionMs=650
topdown:gun-rail-pistol applications=0 b42=1 requests=0 sumPx=0.000 maxPx=0.000 motionMs=650
topdown:gun-railgun applications=0 b42=1 requests=0 sumPx=0.000 maxPx=0.000 motionMs=650
topdown:gun-rimfire-rifle applications=0 b42=1 requests=0 sumPx=0.000 maxPx=0.000 motionMs=650
topdown:gun-scrap-cannon applications=0 b42=1 requests=0 sumPx=0.000 maxPx=0.000 motionMs=650
topdown:gun-seed-launcher applications=0 b42=1 requests=0 sumPx=0.000 maxPx=0.000 motionMs=650
topdown:gun-semi-auto carbine applications=0 b42=1 requests=0 sumPx=0.000 maxPx=0.000 motionMs=650
topdown:gun-shotgun applications=0 b42=1 requests=0 sumPx=0.000 maxPx=0.000 motionMs=650
topdown:gun-smart-burst-rifle applications=0 b42=1 requests=0 sumPx=0.000 maxPx=0.000 motionMs=800
topdown:beam-x2-doomsday-drum-cannon applications=0 b42=1 requests=0 sumPx=0.000 maxPx=0.000 motionMs=1300
topdown:beam-x2-mirage-coilrifle applications=0 b42=1 requests=0 sumPx=0.000 maxPx=0.000 motionMs=1300
topdown:beam-x2-permafrost-siege-lobber applications=0 b42=1 requests=0 sumPx=0.000 maxPx=0.000 motionMs=1300
topdown:beam-x2-singularity-micro-lance applications=0 b42=1 requests=0 sumPx=0.000 maxPx=0.000 motionMs=1300
topdown:beam-x2-solaris-beam-lance applications=0 b42=1 requests=0 sumPx=0.000 maxPx=0.000 motionMs=1100
topdown:beam-x2-stormcaller-tesla-gatling applications=0 b42=1 requests=0 sumPx=0.000 maxPx=0.000 motionMs=1300
topdown:sustained-gatling applications=0 b42=1 requests=0 sumPx=0.000 maxPx=0.000 motionMs=2300
topdown:dodge-roll applications=0 b42=1 requests=0 sumPx=0.000 maxPx=0.000 motionMs=450
topdown:parry-right applications=0 b42=1 requests=0 sumPx=0.000 maxPx=0.000 motionMs=50
topdown:parry-left applications=0 b42=1 requests=0 sumPx=0.000 maxPx=0.000 motionMs=50
topdown:parry-above applications=0 b42=0 requests=0 sumPx=0.000 maxPx=0.000 motionMs=0
topdown:parry-below applications=0 b42=1 requests=0 sumPx=0.000 maxPx=0.000 motionMs=800
topdown:jump-pound applications=0 b42=1 requests=0 sumPx=0.000 maxPx=0.000 motionMs=650
topdown:slide-hop applications=0 b42=1 requests=0 sumPx=0.000 maxPx=0.000 motionMs=1050
topdown:chest-open applications=0 b42=0 requests=0 sumPx=0.000 maxPx=0.000 motionMs=0
topdown:pit-fall applications=0 b42=1 requests=0 sumPx=0.000 maxPx=0.000 motionMs=50
topdown:kung-fu-wrap-x2-muay-thai-wraps applications=0 b42=0 requests=0 sumPx=0.000 maxPx=0.000 motionMs=0
topdown:kung-fu-wrap-x2-wing-chun-wraps applications=0 b42=0 requests=0 sumPx=0.000 maxPx=0.000 motionMs=0
topdown:kung-fu-wrap-x2-drunken-fist-wraps applications=0 b42=0 requests=0 sumPx=0.000 maxPx=0.000 motionMs=0
topdown:kung-fu-wrap-x2-iron-palm-wraps applications=0 b42=0 requests=0 sumPx=0.000 maxPx=0.000 motionMs=0
topdown:sparkmitt-x2-coyote-trickster-s-sparkmitt applications=0 b42=0 requests=0 sumPx=0.000 maxPx=0.000 motionMs=0
topdown:spade-spin applications=0 b42=0 requests=0 sumPx=0.000 maxPx=0.000 motionMs=0
topdown:ultimate-alpha-strike skipped=ULTIMATES_ENABLED=false
belt:walk-stop applications=0 b42=0 requests=0 sumPx=0.000 maxPx=0.000 motionMs=0
belt:rapid-flip-attack applications=0 b42=5 requests=0 sumPx=0.000 maxPx=0.000 motionMs=3250
belt:faster-than-tick-input-alias applications=0 b42=0 requests=0 sumPx=0.000 maxPx=0.000 motionMs=0
belt:walk-smoothness applications=0 b42=0 requests=0 sumPx=0.000 maxPx=0.000 motionMs=0
belt:melee-attack-move-stop applications=0 b42=0 requests=0 sumPx=0.000 maxPx=0.000 motionMs=0
belt:gun-anti-materiel-rifle applications=0 b42=1 requests=0 sumPx=0.000 maxPx=0.000 motionMs=650
belt:gun-arc-pistol applications=0 b42=1 requests=0 sumPx=0.000 maxPx=0.000 motionMs=650
belt:gun-auto-rifle applications=0 b42=1 requests=0 sumPx=0.000 maxPx=0.000 motionMs=650
belt:gun-automatic-shotgun applications=0 b42=1 requests=0 sumPx=0.000 maxPx=0.000 motionMs=650
belt:gun-battle-rifle applications=0 b42=1 requests=0 sumPx=0.000 maxPx=0.000 motionMs=650
belt:gun-blunderbuss applications=0 b42=1 requests=0 sumPx=0.000 maxPx=0.000 motionMs=650
belt:gun-bullpup-rifle applications=0 b42=1 requests=0 sumPx=0.000 maxPx=0.000 motionMs=650
belt:gun-caseless-carbine applications=0 b42=1 requests=0 sumPx=0.000 maxPx=0.000 motionMs=650
belt:gun-coil-accelerator applications=0 b42=1 requests=0 sumPx=0.000 maxPx=0.000 motionMs=650
belt:gun-concussion-cannon applications=0 b42=1 requests=0 sumPx=0.000 maxPx=0.000 motionMs=650
belt:gun-energy-shotgun applications=0 b42=1 requests=0 sumPx=0.000 maxPx=0.000 motionMs=650
belt:gun-exotic-ranged applications=0 b42=1 requests=0 sumPx=0.000 maxPx=0.000 motionMs=650
belt:gun-gauntlet applications=0 b42=1 requests=0 sumPx=0.000 maxPx=0.000 motionMs=650
belt:gun-grenade-launcher applications=0 b42=1 requests=0 sumPx=0.000 maxPx=0.000 motionMs=650
belt:gun-gun applications=0 b42=1 requests=0 sumPx=0.000 maxPx=0.000 motionMs=650
belt:gun-hand-cannon applications=0 b42=1 requests=0 sumPx=0.000 maxPx=0.000 motionMs=650
belt:gun-heavy-ion-cannon applications=0 b42=1 requests=0 sumPx=0.000 maxPx=0.000 motionMs=650
belt:gun-heavy-ordnance applications=0 b42=1 requests=0 sumPx=0.000 maxPx=0.000 motionMs=650
belt:gun-integrally-suppressed-rifle applications=0 b42=1 requests=0 sumPx=0.000 maxPx=0.000 motionMs=650
belt:gun-lever-rifle applications=0 b42=1 requests=0 sumPx=0.000 maxPx=0.000 motionMs=650
belt:gun-light machine gun applications=0 b42=1 requests=0 sumPx=0.000 maxPx=0.000 motionMs=650
belt:gun-machine-pistol applications=0 b42=1 requests=0 sumPx=0.000 maxPx=0.000 motionMs=800
belt:gun-marksman-rifle applications=0 b42=1 requests=0 sumPx=0.000 maxPx=0.000 motionMs=650
belt:gun-nailgun applications=0 b42=1 requests=0 sumPx=0.000 maxPx=0.000 motionMs=650
belt:gun-photon-marksman-rifle applications=0 b42=1 requests=0 sumPx=0.000 maxPx=0.000 motionMs=650
belt:gun-pistol applications=0 b42=1 requests=0 sumPx=0.000 maxPx=0.000 motionMs=650
belt:gun-pistol-calibre-carbine applications=0 b42=1 requests=0 sumPx=0.000 maxPx=0.000 motionMs=650
belt:gun-plasma-carbine applications=0 b42=1 requests=0 sumPx=0.000 maxPx=0.000 motionMs=650
belt:gun-puck-launcher applications=0 b42=1 requests=0 sumPx=0.000 maxPx=0.000 motionMs=650
belt:gun-pulse-rifle applications=0 b42=1 requests=0 sumPx=0.000 maxPx=0.000 motionMs=650
belt:gun-rail-pistol applications=0 b42=1 requests=0 sumPx=0.000 maxPx=0.000 motionMs=650
belt:gun-railgun applications=0 b42=1 requests=0 sumPx=0.000 maxPx=0.000 motionMs=650
belt:gun-rimfire-rifle applications=0 b42=1 requests=0 sumPx=0.000 maxPx=0.000 motionMs=650
belt:gun-scrap-cannon applications=0 b42=1 requests=0 sumPx=0.000 maxPx=0.000 motionMs=650
belt:gun-seed-launcher applications=0 b42=1 requests=0 sumPx=0.000 maxPx=0.000 motionMs=650
belt:gun-semi-auto carbine applications=0 b42=1 requests=0 sumPx=0.000 maxPx=0.000 motionMs=650
belt:gun-shotgun applications=0 b42=1 requests=0 sumPx=0.000 maxPx=0.000 motionMs=650
belt:gun-smart-burst-rifle applications=0 b42=1 requests=0 sumPx=0.000 maxPx=0.000 motionMs=800
belt:beam-x2-doomsday-drum-cannon applications=0 b42=1 requests=0 sumPx=0.000 maxPx=0.000 motionMs=1300
belt:beam-x2-mirage-coilrifle applications=0 b42=1 requests=0 sumPx=0.000 maxPx=0.000 motionMs=1300
belt:beam-x2-permafrost-siege-lobber applications=0 b42=1 requests=0 sumPx=0.000 maxPx=0.000 motionMs=1300
belt:beam-x2-singularity-micro-lance applications=0 b42=1 requests=0 sumPx=0.000 maxPx=0.000 motionMs=1300
belt:beam-x2-solaris-beam-lance applications=0 b42=1 requests=0 sumPx=0.000 maxPx=0.000 motionMs=1100
belt:beam-x2-stormcaller-tesla-gatling applications=0 b42=1 requests=0 sumPx=0.000 maxPx=0.000 motionMs=1300
belt:sustained-gatling applications=0 b42=1 requests=0 sumPx=0.000 maxPx=0.000 motionMs=2300
belt:dodge-roll applications=0 b42=1 requests=0 sumPx=0.000 maxPx=0.000 motionMs=450
belt:parry-right applications=0 b42=1 requests=0 sumPx=0.000 maxPx=0.000 motionMs=50
belt:parry-left applications=0 b42=1 requests=0 sumPx=0.000 maxPx=0.000 motionMs=50
belt:parry-above applications=0 b42=0 requests=0 sumPx=0.000 maxPx=0.000 motionMs=0
belt:parry-below applications=0 b42=1 requests=0 sumPx=0.000 maxPx=0.000 motionMs=800
belt:jump-pound applications=0 b42=1 requests=0 sumPx=0.000 maxPx=0.000 motionMs=650
belt:slide-hop applications=0 b42=1 requests=0 sumPx=0.000 maxPx=0.000 motionMs=1050
belt:chest-open applications=0 b42=0 requests=0 sumPx=0.000 maxPx=0.000 motionMs=0
belt:pit-fall applications=0 b42=1 requests=0 sumPx=0.000 maxPx=0.000 motionMs=50
belt:kung-fu-wrap-x2-muay-thai-wraps applications=0 b42=0 requests=0 sumPx=0.000 maxPx=0.000 motionMs=0
belt:kung-fu-wrap-x2-wing-chun-wraps applications=0 b42=0 requests=0 sumPx=0.000 maxPx=0.000 motionMs=0
belt:kung-fu-wrap-x2-drunken-fist-wraps applications=0 b42=0 requests=0 sumPx=0.000 maxPx=0.000 motionMs=0
belt:kung-fu-wrap-x2-iron-palm-wraps applications=0 b42=0 requests=0 sumPx=0.000 maxPx=0.000 motionMs=0
belt:sparkmitt-x2-coyote-trickster-s-sparkmitt applications=0 b42=0 requests=0 sumPx=0.000 maxPx=0.000 motionMs=0
belt:spade-spin applications=0 b42=0 requests=0 sumPx=0.000 maxPx=0.000 motionMs=0
belt:ultimate-alpha-strike skipped=ULTIMATES_ENABLED=false
belt:elevator-board applications=0 b42=2 requests=0 sumPx=0.000 maxPx=0.000 motionMs=5650
verdict=PASS; 131/131 scenarios; nonzero=0; snaps=0
