capturedAt=2026-07-25T04:31:49.080Z
endpoint=ws://127.0.0.1:52761
solo=true
walk-stop applications=0 b42=0 requests=0 sumPx=0.000 maxPx=0.000 motionMs=0
melee-attack-move-stop applications=0 b42=0 requests=0 sumPx=0.000 maxPx=0.000 motionMs=0
gun-auto-rifle applications=3 b42=1 requests=9 sumPx=5.574 maxPx=3.188 motionMs=450
gun-blunderbuss applications=4 b42=1 requests=9 sumPx=17.390 maxPx=8.550 motionMs=450
gun-concussion-cannon applications=1 b42=1 requests=10 sumPx=1.438 maxPx=1.438 motionMs=500
gun-exotic-ranged applications=1 b42=1 requests=10 sumPx=1.633 maxPx=1.633 motionMs=500
gun-gauntlet applications=1 b42=1 requests=10 sumPx=0.405 maxPx=0.405 motionMs=500
gun-grenade-launcher applications=1 b42=1 requests=10 sumPx=2.307 maxPx=2.307 motionMs=500
gun-gun applications=0 b42=1 requests=10 sumPx=0.000 maxPx=0.000 motionMs=500
gun-hand-cannon applications=2 b42=1 requests=10 sumPx=3.303 maxPx=2.988 motionMs=500
gun-heavy-ordnance applications=4 b42=1 requests=10 sumPx=9.634 maxPx=4.737 motionMs=500
gun-lever-rifle applications=3 b42=1 requests=9 sumPx=5.964 maxPx=3.411 motionMs=450
gun-machine-pistol applications=1 b42=1 requests=9 sumPx=0.733 maxPx=0.733 motionMs=450
gun-marksman-rifle applications=4 b42=1 requests=10 sumPx=14.848 maxPx=7.300 motionMs=500
gun-nailgun applications=1 b42=1 requests=9 sumPx=0.925 maxPx=0.925 motionMs=450
gun-pistol applications=1 b42=1 requests=9 sumPx=2.327 maxPx=2.327 motionMs=450
gun-railgun applications=1 b42=1 requests=9 sumPx=2.883 maxPx=2.883 motionMs=450
gun-scrap-cannon applications=2 b42=1 requests=9 sumPx=2.889 maxPx=2.294 motionMs=450
gun-shotgun applications=4 b42=1 requests=9 sumPx=20.597 maxPx=8.448 motionMs=450
beam-x2-doomsday-drum-cannon applications=5 b42=1 requests=27 sumPx=0.475 maxPx=0.095 motionMs=1350
beam-x2-mirage-coilrifle applications=8 b42=1 requests=25 sumPx=0.697 maxPx=0.155 motionMs=1250
beam-x2-permafrost-siege-lobber applications=6 b42=1 requests=27 sumPx=0.542 maxPx=0.155 motionMs=1350
beam-x2-stormcaller-tesla-gatling applications=9 b42=1 requests=25 sumPx=0.950 maxPx=0.190 motionMs=1250
sustained-gatling applications=15 b42=1 requests=43 sumPx=17.786 maxPx=1.532 motionMs=2150
dodge-roll applications=6 b42=1 requests=6 sumPx=110.500 maxPx=32.000 motionMs=300
parry-right applications=1 b42=1 requests=1 sumPx=25.600 maxPx=25.600 motionMs=50
parry-left applications=1 b42=1 requests=1 sumPx=25.600 maxPx=25.600 motionMs=50
parry-above applications=0 b42=0 requests=0 sumPx=0.000 maxPx=0.000 motionMs=0
parry-below applications=4 b42=1 requests=10 sumPx=10.864 maxPx=4.349 motionMs=500
jump-pound applications=6 b42=1 requests=9 sumPx=119.571 maxPx=31.000 motionMs=450
slide-hop applications=11 b42=1 requests=17 sumPx=284.357 maxPx=70.857 motionMs=850
chest-open applications=0 b42=0 requests=0 sumPx=0.000 maxPx=0.000 motionMs=0
pit-fall applications=1 b42=1 requests=1 sumPx=320.000 maxPx=320.000 motionMs=50
kung-fu-wrap-x2-muay-thai-wraps applications=0 b42=0 requests=0 sumPx=0.000 maxPx=0.000 motionMs=0
kung-fu-wrap-x2-wing-chun-wraps applications=0 b42=0 requests=0 sumPx=0.000 maxPx=0.000 motionMs=0
kung-fu-wrap-x2-drunken-fist-wraps applications=0 b42=0 requests=0 sumPx=0.000 maxPx=0.000 motionMs=0
kung-fu-wrap-x2-iron-palm-wraps applications=0 b42=0 requests=0 sumPx=0.000 maxPx=0.000 motionMs=0
sparkmitt-x2-coyote-trickster-s-sparkmitt applications=0 b42=0 requests=0 sumPx=0.000 maxPx=0.000 motionMs=0
spade-spin applications=0 b42=0 requests=0 sumPx=0.000 maxPx=0.000 motionMs=0
ultimate-alpha-strike applications=5 b42=4 requests=6 sumPx=1209.172 maxPx=444.894 motionMs=300
elevator-board applications=2 b42=2 requests=90 sumPx=3883.037 maxPx=3570.000 motionMs=4500
verdict=41 scenarios; top3=elevator-board:2,ultimate-alpha-strike:5,pit-fall:1
